#-----------------------------------------------------------
# Vivado v2020.2 (64-bit)
# SW Build 3064766 on Wed Nov 18 09:12:47 MST 2020
# IP Build 3064653 on Wed Nov 18 14:17:31 MST 2020
# Start of session at: Mon Dec 12 17:30:44 2022
# Process ID: 20278
# Current directory: /home/denjo/b3exp/cpu
# Command line: vivado
# Log file: /home/denjo/b3exp/cpu/vivado.log
# Journal file: /home/denjo/b3exp/cpu/vivado.jou
#-----------------------------------------------------------
start_gui
create_project cpu /home/denjo/b3exp/cpu/cpu -part xc7a200tsbg484-1
set_property board_part digilentinc.com:nexys_video:part0:1.1 [current_project]
add_files -norecurse /home/denjo/b3exp/cpu/define.vh
add_files -norecurse {/home/denjo/b3exp/cpu/register.v /home/denjo/b3exp/cpu/hardware_counter.v /home/denjo/b3exp/cpu/alu.v /home/denjo/b3exp/cpu/data_mem.v /home/denjo/b3exp/cpu/instruction_mem.v /home/denjo/b3exp/cpu/uart.v /home/denjo/b3exp/cpu/cpu_testbench.v /home/denjo/b3exp/cpu/decoder.v /home/denjo/b3exp/cpu/program_counter.v /home/denjo/b3exp/cpu/top.v}
add_files -fileset constrs_1 -norecurse /home/denjo/b3exp/cpu/nexys.xdc
update_compile_order -fileset sources_1
update_compile_order -fileset sources_1
update_compile_order -fileset sources_1
set_property used_in_synthesis false [get_files  /home/denjo/b3exp/cpu/cpu_testbench.v]
set_property used_in_implementation false [get_files  /home/denjo/b3exp/cpu/cpu_testbench.v]
update_compile_order -fileset sources_1
update_compile_order -fileset sources_1
launch_simulation
launch_simulation
source cpu_tb.tcl
run all
relaunch_sim
update_compile_order -fileset sources_1
update_compile_order -fileset sources_1
update_compile_order -fileset sources_1
update_compile_order -fileset sources_1
relaunch_sim
relaunch_sim
relaunch_sim
run all
relaunch_sim
run all
relaunch_sim
run all
relaunch_sim
run all
run all
update_compile_order -fileset sources_1
update_compile_order -fileset sources_1
update_compile_order -fileset sources_1
relaunch_sim
relaunch_sim
update_compile_order -fileset sources_1
run all
relaunch_sim
run all
relaunch_sim
run all
relaunch_sim
run all
relaunch_sim
run all
relaunch_sim
run all
relaunch_sim
run all
relaunch_sim
relaunch_sim
run all
run all
relaunch_sim
run all
relaunch_sim
run all
relaunch_sim
run all
run all
relaunch_sim
run all
relaunch_sim
run all
relaunch_sim
run all
relaunch_sim
run all
relaunch_sim
relaunch_sim
run all
relaunch_sim
run all
relaunch_sim
relaunch_sim
run all
relaunch_sim
relaunch_sim
run all
relaunch_sim
run all
update_compile_order -fileset sources_1
update_compile_order -fileset sources_1
relaunch_sim
relaunch_sim
run all
